-- Found Git: /opt/homebrew/bin/git (found version "2.55.0")
-- The C compiler identification is AppleClang 17.0.0.17000013
-- The CXX compiler identification is AppleClang 17.0.0.17000013
-- Detecting C compiler ABI info
-- Detecting C compiler ABI info - done
-- Check for working C compiler: /usr/bin/cc - skipped
-- Detecting C compile features
-- Detecting C compile features - done
-- Detecting CXX compiler ABI info
-- Detecting CXX compiler ABI info - done
-- Check for working CXX compiler: /usr/bin/c++ - skipped
-- Detecting CXX compile features
-- Detecting CXX compile features - done
-- Building deskflow-1.26.0.9999
-- Disabling debug build
-- Performing Test CMAKE_HAVE_LIBC_PTHREAD
-- Performing Test CMAKE_HAVE_LIBC_PTHREAD - Success
-- Found Threads: TRUE
-- Performing Test HAVE_STDATOMIC
-- Performing Test HAVE_STDATOMIC - Success
-- Found WrapAtomic: TRUE
-- Found OpenGL: /Applications/Xcode_16.4.app/Contents/Developer/Platforms/MacOSX.platform/Developer/SDKs/MacOSX.sdk/System/Library/Frameworks/OpenGL.framework
-- Found WrapOpenGL: TRUE
-- Qt version: 6.11.3
-- Looking for include file sys/socket.h
-- Looking for include file sys/socket.h - found
-- Looking for include file unistd.h
-- Looking for include file unistd.h - found
-- Looking for sigwait
-- Looking for sigwait - found
-- Looking for pthread_create in pthread
-- Looking for pthread_create in pthread - found
-- Performing Test HAVE_FORMAT
-- Performing Test HAVE_FORMAT - Success
-- Found OpenSSL: /opt/homebrew/Cellar/openssl@3/3.6.4/lib/libcrypto.a (found suitable version "3.6.4", minimum required is "3.0") found components: SSL Crypto
-- Package Basename: deskflow-mac-input-6ad8993c-macos-arm64
-- Configuring done (12.0s)
-- Generating done (1.4s)
-- Build files have been written to: /Users/runner/work/deskflow/deskflow/build
